<!doctype html public "-//w3c//dtd html 4.0 transitional//en">
<html>
<head>
   <meta http-equiv="Content-Type" content="text/html; charset=iso-8859-1">
   <meta name="GENERATOR" content="Mozilla/4.79 [en] (Win98; U) [Netscape]">
   <meta name="Author" content="LeMyesier">
   <title>Golden Figure</title>
</head>
<body text="#000000" bgcolor="#E6E6FF" link="#0000EE" vlink="#551A8B" alink="#FF0000" background="white.jpg">
&nbsp;
<br>&nbsp;
<br>&nbsp;
<br>&nbsp;
<center>
<p><img SRC="Aurfig.jpg" height=348 width=348>
<br><font color="#999999"><font size=-2>.</font></font>
<br>&nbsp;
<br>&nbsp;
<br>&nbsp;
<p><b><font color="#CCFFFF"><font size=+1><a href="goldfig.htm">Go to the
text</a></font></font></b><b><font color="#CCFFFF"><font size=+1><a href="goldfig.htm"></a></font></font></b>
<p><b><font color="#CCFFFF"><font size=+1><a href="../../seven-planets.htm">Contents</a></font></font></b></center>

</body>
</html>
